C:\LGTSYN\GRPE\PGCT1L.ILS
C:\LGTSYN\GRPE\PGCT1S.ILS
C:\LGTSYN\GRPE\PGCT2L.ILS
C:\LGTSYN\GRPE\PGCT2S.ILS
C:\LGTSYN\GRPE\PGCA1L.ILS
C:\LGTSYN\GRPE\PGCA1S.ILS
C:\LGTSYN\GRPE\PGCA2L.ILS
C:\LGTSYN\GRPE\PGCA2S.ILS
C:\LGTSYN\GRPE\PGCG1L.ILS
C:\LGTSYN\GRPE\PGCG1S.ILS
C:\LGTSYN\GRPE\PGCG2L.ILS
C:\LGTSYN\GRPE\PGCG2S.ILS
C:\LGTSYN\PGC\PGC.BAK