C:\LGTSYN\GRPE\PGDT1L.ILS
C:\LGTSYN\GRPE\PGDT1S.ILS
C:\LGTSYN\GRPE\PGDT2L.ILS
C:\LGTSYN\GRPE\PGDT2S.ILS
C:\LGTSYN\GRPE\PGDA1L.ILS
C:\LGTSYN\GRPE\PGDA1S.ILS
C:\LGTSYN\GRPE\PGDA2L.ILS
C:\LGTSYN\GRPE\PGDA2S.ILS
C:\LGTSYN\GRPE\PGDG1L.ILS
C:\LGTSYN\GRPE\PGDG1S.ILS
C:\LGTSYN\GRPE\PGDG2L.ILS
C:\LGTSYN\GRPE\PGDG2S.ILS
C:\LGTSYN\PGD\PGD.BAK